---
source: tests/fixtures.rs
assertion_line: 16
description: overlay combines issue groups into one branch
expression: result
input_file: tests/fixtures/overlay-combines-issue-groups.kdl
---
exit: 0

branch AB-100-feat-add-widget:
  * feat: add widget
  * feat: add gadget
  files: src/gadget.rs, src/lib.rs, src/widget.rs
