---
source: tests/fixtures.rs
assertion_line: 16
description: jira ticket appears as branch name prefix
expression: result
input_file: tests/fixtures/jira-ticket-prefix.kdl
---
exit: 0

branch DX-456-feat-implement-rate-limiting:
  * feat: implement rate limiting
  files: src/lib.rs, src/rate_limit.rs
