---
source: tests/fixtures.rs
description: multiple commits with same issue grouped into one branch
expression: result
input_file: tests/fixtures/multiple-commits-same-issue.kdl
---
exit: 0

branch AB-100-feat-add-widget:
  * feat: add widget
  * feat: add widget tests
  * feat: document widget
  files: src/lib.rs, src/widget.rs, src/widget_test.rs
