---
source: tests/fixtures.rs
description: separate flag splits same issue into individual branches
expression: result
input_file: tests/fixtures/separate-flag-splits-same-issue.kdl
---
exit: 1

error: cherry-pick would fail for branch `feat-extend-widget`
  --> commit "feat: extend widget"
   |
   = conflict in src/widget.rs
   |
   = help: these commits have overlapping changes and cannot be split
           into separate branches from the same base
   = help: consider assigning them to the same issue, or use `--overlay`
           to combine them into a single PR
